
> backend@1.0.0 test
> jest reportsModel.test.js

node.exe : FAIL __tests__/models/reportsModel.test.js
At line:1 char:1
+ & "C:\Program Files\nodejs/node.exe" "C:\Program Files\nodejs/node_mo ...
+ ~~~~~~~~~~~~~~~~~~~~~~~~~~~~~~~~~~~~~~~~~~~~~~~~~~~~~~~~~~~~~~~~~~~~~
    + CategoryInfo          : NotSpecified: (FAIL __tests__/...tsModel.test.js 
   :String) [], RemoteException
    + FullyQualifiedErrorId : NativeCommandError
 
  ΓùÅ Console

    console.log
      [dotenv@17.2.1] injecting env (8) from .env -- tip: ≡ƒöÉ prevent 
building .env in docker: https://dotenvx.com/prebuild

      at _log (node_modules/dotenv/lib/main.js:139:11)

    console.log
      ≡ƒôà Calculating report for agent 1, range 2024-01-01 to 2024-01-31

      at Function.log [as calculateReportData] (models/reportsModel.js:281:15)

    console.log
        ≡ƒôè Step 1: Counting listings...

      at Function.log [as calculateReportData] (models/reportsModel.js:284:15)

    console.log
      ≡ƒôè Agent 1: Total properties = 10, Date range: 2024-01-01 to 
2024-01-31, Count in selected range = 10

      at Function.log [as calculateReportData] (models/reportsModel.js:304:15)

    console.log
        ≡ƒôè Step 2: Counting leads by source...

      at Function.log [as calculateReportData] (models/reportsModel.js:307:15)

    console.log
        ≡ƒôè Step 3: Counting viewings...

      at Function.log [as calculateReportData] (models/reportsModel.js:326:15)

    console.log
        ≡ƒôè Step 4: Counting sales...

      at Function.log [as calculateReportData] (models/reportsModel.js:338:15)

    console.log
        ≡ƒôè Step 5: Calculating property referrals commission...

      at Function.log [as calculateReportData] (models/reportsModel.js:376:15)

    console.log
        Γ£ô Property referrals: 2 referral(s) on 1 property/properties, 
$200000, commission: $1000

      at Function.log [as calculateReportData] (models/reportsModel.js:456:15)

    console.log
        ≡ƒôï Referral details (0 found): []

      at Function.log [as calculateReportData] (models/reportsModel.js:491:15)

    console.log
        ≡ƒôè Step 6: Calculating lead referrals commission...

      at Function.log [as calculateReportData] (models/reportsModel.js:538:15)

    console.log
        Γ£ô Lead referrals: 1 referral(s) on 1 property/properties, $100000, 
commission: $500

      at Function.log [as calculateReportData] (models/reportsModel.js:589:15)

    console.log
        ≡ƒôè Step 7: Calculating referrals on agent's properties...

      at Function.log [as calculateReportData] (models/reportsModel.js:600:15)

    console.log
      ≡ƒÆ░ Commission Calculation Details: {
        sales_amount: 500000,
        agent_commission: 10000,
        finders_commission: 5000,
        team_leader_commission: 5000,
        administration_commission: 20000,
        referrals_on_properties_commission: 1500,
        calculatedSum: 41500,
        total_commission: 41500,
        difference: 0
      }

      at Function.log [as calculateReportData] (models/reportsModel.js:737:15)

    console.log
      Γ£à Report calculation completed for agent 1

      at Function.log [as calculateReportData] (models/reportsModel.js:755:15)

    console.log
      ≡ƒôà Calculating report for agent 1, range 2024-01-01 to 2024-01-31

      at Function.log [as calculateReportData] (models/reportsModel.js:281:15)

    console.log
        ≡ƒôè Step 1: Counting listings...

      at Function.log [as calculateReportData] (models/reportsModel.js:284:15)

    console.log
      ≡ƒôè Agent 1: Total properties = 0, Date range: null to null, Count in 
selected range = 0

      at Function.log [as calculateReportData] (models/reportsModel.js:304:15)

    console.log
        ≡ƒôè Step 2: Counting leads by source...

      at Function.log [as calculateReportData] (models/reportsModel.js:307:15)

    console.log
        ≡ƒôè Step 3: Counting viewings...

      at Function.log [as calculateReportData] (models/reportsModel.js:326:15)

    console.log
        ≡ƒôè Step 4: Counting sales...

      at Function.log [as calculateReportData] (models/reportsModel.js:338:15)

    console.log
        ≡ƒôè Step 5: Calculating property referrals commission...

      at Function.log [as calculateReportData] (models/reportsModel.js:376:15)

    console.log
        Γ£ô Property referrals: 0 referral(s) on 0 property/properties, $0, 
commission: $0

      at Function.log [as calculateReportData] (models/reportsModel.js:456:15)

    console.log
        ≡ƒôï Referral details (0 found): []

      at Function.log [as calculateReportData] (models/reportsModel.js:491:15)

    console.log
        ≡ƒöì Debug: Found 1 total referrals for agent 1 (regardless of 
date/status): [
        {
          referral_id: undefined,
          employee_id: undefined,
          property_id: undefined,
          property_agent_id: undefined,
          closed_date: undefined,
          status_code: undefined,
          external: undefined
        }
      ]

      at Function.log [as calculateReportData] (models/reportsModel.js:526:17)

    console.log
        ≡ƒôè Step 6: Calculating lead referrals commission...

      at Function.log [as calculateReportData] (models/reportsModel.js:538:15)

    console.log
        Γ£ô Lead referrals: 0 referral(s) on 0 property/properties, $0, 
commission: $0

      at Function.log [as calculateReportData] (models/reportsModel.js:589:15)

    console.log
        ≡ƒôè Step 7: Calculating referrals on agent's properties...

      at Function.log [as calculateReportData] (models/reportsModel.js:600:15)

    console.log
      ≡ƒÆ░ Commission Calculation Details: {
        sales_amount: 0,
        agent_commission: 0,
        finders_commission: 0,
        team_leader_commission: 0,
        administration_commission: 0,
        referrals_on_properties_commission: 0,
        calculatedSum: 0,
        total_commission: 0,
        difference: 0
      }

      at Function.log [as calculateReportData] (models/reportsModel.js:737:15)

    console.log
      Γ£à Report calculation completed for agent 1

      at Function.log [as calculateReportData] (models/reportsModel.js:755:15)

    console.error
      Error calculating report data: Error: Invalid date range supplied for 
calculation
          at Function.calculateReportData (C:\Users\GeorgioHayek\Desktop\Applic
ations\finders-system\finders-crm\backend\models\reportsModel.js:261:15)
          at Object.<anonymous> (C:\Users\GeorgioHayek\Desktop\Applications\fin
ders-system\finders-crm\backend\__tests__\models\reportsModel.test.js:106:7)

    [0m [90m 772 |[39m       }[33m;[39m
     [90m 773 |[39m     } [36mcatch[39m (error) {
    [31m[1m>[22m[39m[90m 774 |[39m       
console[33m.[39merror([32m'Error calculating report data:'[39m[33m,[39m 
error)[33m;[39m
     [90m     |[39m               [31m[1m^[22m[39m
     [90m 775 |[39m       [36mthrow[39m error[33m;[39m
     [90m 776 |[39m     }
     [90m 777 |[39m   }[0m

      at Function.error [as calculateReportData] 
(models/reportsModel.js:774:15)
      at Object.<anonymous> (__tests__/models/reportsModel.test.js:106:7)

    console.log
      ≡ƒôà Calculating report for agent 1, range 2024-01-01 to 2024-01-31

      at Function.log [as calculateReportData] (models/reportsModel.js:281:15)

    console.log
        ≡ƒôè Step 1: Counting listings...

      at Function.log [as calculateReportData] (models/reportsModel.js:284:15)

    console.log
      ≡ƒôè Agent 1: Total properties = 0, Date range: null to null, Count in 
selected range = 0

      at Function.log [as calculateReportData] (models/reportsModel.js:304:15)

    console.log
        ≡ƒôè Step 2: Counting leads by source...

      at Function.log [as calculateReportData] (models/reportsModel.js:307:15)

    console.log
        ≡ƒôè Step 3: Counting viewings...

      at Function.log [as calculateReportData] (models/reportsModel.js:326:15)

    console.log
        ≡ƒôè Step 4: Counting sales...

      at Function.log [as calculateReportData] (models/reportsModel.js:338:15)

    console.log
        ≡ƒôè Step 5: Calculating property referrals commission...

      at Function.log [as calculateReportData] (models/reportsModel.js:376:15)

    console.log
        Γ£ô Property referrals: 1 referral(s) on 1 property/properties, 
$200000, commission: $1000

      at Function.log [as calculateReportData] (models/reportsModel.js:456:15)

    console.log
        ≡ƒôï Referral details (0 found): []

      at Function.log [as calculateReportData] (models/reportsModel.js:491:15)

    console.log
        ≡ƒôè Step 6: Calculating lead referrals commission...

      at Function.log [as calculateReportData] (models/reportsModel.js:538:15)

    console.log
        Γ£ô Lead referrals: 0 referral(s) on 0 property/properties, $0, 
commission: $0

      at Function.log [as calculateReportData] (models/reportsModel.js:589:15)

    console.log
        ≡ƒôè Step 7: Calculating referrals on agent's properties...

      at Function.log [as calculateReportData] (models/reportsModel.js:600:15)

    console.log
      ≡ƒÆ░ Commission Calculation Details: {
        sales_amount: 0,
        agent_commission: 0,
        finders_commission: 0,
        team_leader_commission: 0,
        administration_commission: 0,
        referrals_on_properties_commission: 0,
        calculatedSum: 0,
        total_commission: 0,
        difference: 0
      }

      at Function.log [as calculateReportData] (models/reportsModel.js:737:15)

    console.log
      Γ£à Report calculation completed for agent 1

      at Function.log [as calculateReportData] (models/reportsModel.js:755:15)

    console.log
      ≡ƒôà Calculating report for agent 1, range 2024-11-20 to 2024-11-24

      at Function.log [as calculateReportData] (models/reportsModel.js:281:15)

    console.log
        ≡ƒôè Step 1: Counting listings...

      at Function.log [as calculateReportData] (models/reportsModel.js:284:15)

    console.log
      ≡ƒôè Agent 1: Total properties = 1, Date range: 2024-11-20 to 
2024-11-24, Count in selected range = 1

      at Function.log [as calculateReportData] (models/reportsModel.js:304:15)

    console.log
        ≡ƒôè Step 2: Counting leads by source...

      at Function.log [as calculateReportData] (models/reportsModel.js:307:15)

    console.log
        ≡ƒôè Step 3: Counting viewings...

      at Function.log [as calculateReportData] (models/reportsModel.js:326:15)

    console.log
        ≡ƒôè Step 4: Counting sales...

      at Function.log [as calculateReportData] (models/reportsModel.js:338:15)

    console.log
        ≡ƒôè Step 5: Calculating property referrals commission...

      at Function.log [as calculateReportData] (models/reportsModel.js:376:15)

    console.log
        Γ£ô Property referrals: 2 referral(s) on 1 property/properties, 
$300000, commission: $7500

      at Function.log [as calculateReportData] (models/reportsModel.js:456:15)

    console.log
        ≡ƒôï Referral details (2 found): [
        {
          referral_id: 1,
          referral_name: undefined,
          referral_type: undefined,
          external: false,
          employee_id: 1,
          property_id: 100,
          property_price: 300000,
          closed_date: undefined,
          status_code: undefined,
          status_name: undefined,
          commission: 1500
        },
        {
          referral_id: 2,
          referral_name: undefined,
          referral_type: undefined,
          external: true,
          employee_id: 1,
          property_id: 100,
          property_price: 300000,
          closed_date: undefined,
          status_code: undefined,
          status_name: undefined,
          commission: 6000
        }
      ]

      at Function.log [as calculateReportData] (models/reportsModel.js:491:15)

    console.log
        ≡ƒôè Step 6: Calculating lead referrals commission...

      at Function.log [as calculateReportData] (models/reportsModel.js:538:15)

    console.log
        Γ£ô Lead referrals: 0 referral(s) on 0 property/properties, $0, 
commission: $0

      at Function.log [as calculateReportData] (models/reportsModel.js:589:15)

    console.log
        ≡ƒôè Step 7: Calculating referrals on agent's properties...

      at Function.log [as calculateReportData] (models/reportsModel.js:600:15)

    console.log
      ≡ƒÆ░ Commission Calculation Details: {
        sales_amount: 300000,
        agent_commission: 6000,
        finders_commission: 3000,
        team_leader_commission: 3000,
        administration_commission: 12000,
        referrals_on_properties_commission: 0,
        calculatedSum: 24000,
        total_commission: 24000,
        difference: 0
      }

      at Function.log [as calculateReportData] (models/reportsModel.js:737:15)

    console.log
      Γ£à Report calculation completed for agent 1

      at Function.log [as calculateReportData] (models/reportsModel.js:755:15)

    console.log
      ≡ƒôà Calculating report for agent 1, range 2024-01-01 to 2024-01-31

      at Function.log [as calculateReportData] (models/reportsModel.js:281:15)

    console.log
        ≡ƒôè Step 1: Counting listings...

      at Function.log [as calculateReportData] (models/reportsModel.js:284:15)

    console.log
      ≡ƒôè Agent 1: Total properties = 3, Date range: 2024-01-01 to 
2024-01-31, Count in selected range = 3

      at Function.log [as calculateReportData] (models/reportsModel.js:304:15)

    console.log
        ≡ƒôè Step 2: Counting leads by source...

      at Function.log [as calculateReportData] (models/reportsModel.js:307:15)

    console.log
        ≡ƒôè Step 3: Counting viewings...

      at Function.log [as calculateReportData] (models/reportsModel.js:326:15)

    console.log
        ≡ƒôè Step 4: Counting sales...

      at Function.log [as calculateReportData] (models/reportsModel.js:338:15)

    console.log
        ≡ƒôè Step 5: Calculating property referrals commission...

      at Function.log [as calculateReportData] (models/reportsModel.js:376:15)

    console.log
        Γ£ô Property referrals: 4 referral(s) on 3 property/properties, 
$900000, commission: $17000

      at Function.log [as calculateReportData] (models/reportsModel.js:456:15)

    console.log
        ≡ƒôï Referral details (0 found): []

      at Function.log [as calculateReportData] (models/reportsModel.js:491:15)

    console.log
        ≡ƒôè Step 6: Calculating lead referrals commission...

      at Function.log [as calculateReportData] (models/reportsModel.js:538:15)

    console.log
        Γ£ô Lead referrals: 0 referral(s) on 0 property/properties, $0, 
commission: $0

      at Function.log [as calculateReportData] (models/reportsModel.js:589:15)

    console.log
        ≡ƒôè Step 7: Calculating referrals on agent's properties...

      at Function.log [as calculateReportData] (models/reportsModel.js:600:15)

    console.log
      ≡ƒÆ░ Commission Calculation Details: {
        sales_amount: 900000,
        agent_commission: 18000,
        finders_commission: 9000,
        team_leader_commission: 9000,
        administration_commission: 36000,
        referrals_on_properties_commission: 0,
        calculatedSum: 72000,
        total_commission: 72000,
        difference: 0
      }

      at Function.log [as calculateReportData] (models/reportsModel.js:737:15)

    console.log
      Γ£à Report calculation completed for agent 1

      at Function.log [as calculateReportData] (models/reportsModel.js:755:15)

    console.log
      ≡ƒöä Applying external rule to referrals for agent 1 before 
recalculating...

      at Function.log [as recalculateReport] (models/reportsModel.js:877:15)

    console.log
      Γ£à External rule applied to 0 properties and 0 leads

      at Function.log [as recalculateReport] (models/reportsModel.js:931:17)

    console.log
      ≡ƒôà Calculating report for agent 1, range 2024-01-01 to 2024-01-31

      at Function.log [as calculateReportData] (models/reportsModel.js:281:15)

    console.log
        ≡ƒôè Step 1: Counting listings...

      at Function.log [as calculateReportData] (models/reportsModel.js:284:15)

    console.log
      ≡ƒôè Agent 1: Total properties = 15, Date range: 2024-01-01 to 
2024-01-31, Count in selected range = 15

      at Function.log [as calculateReportData] (models/reportsModel.js:304:15)

    console.log
        ≡ƒôè Step 2: Counting leads by source...

      at Function.log [as calculateReportData] (models/reportsModel.js:307:15)

    console.log
        ≡ƒôè Step 3: Counting viewings...

      at Function.log [as calculateReportData] (models/reportsModel.js:326:15)

    console.log
        ≡ƒôè Step 4: Counting sales...

      at Function.log [as calculateReportData] (models/reportsModel.js:338:15)

    console.log
        ≡ƒôè Step 5: Calculating property referrals commission...

      at Function.log [as calculateReportData] (models/reportsModel.js:376:15)

    console.log
        Γ£ô Property referrals: 0 referral(s) on 0 property/properties, $0, 
commission: $0

      at Function.log [as calculateReportData] (models/reportsModel.js:456:15)

    console.log
        ≡ƒôï Referral details (0 found): []

      at Function.log [as calculateReportData] (models/reportsModel.js:491:15)

    console.log
        ≡ƒöì Debug: Found 1 total referrals for agent 1 (regardless of 
date/status): [
        {
          referral_id: undefined,
          employee_id: undefined,
          property_id: undefined,
          property_agent_id: undefined,
          closed_date: undefined,
          status_code: undefined,
          external: undefined
        }
      ]

      at Function.log [as calculateReportData] (models/reportsModel.js:526:17)

    console.log
        ≡ƒôè Step 6: Calculating lead referrals commission...

      at Function.log [as calculateReportData] (models/reportsModel.js:538:15)

    console.log
        Γ£ô Lead referrals: 0 referral(s) on 0 property/properties, $0, 
commission: $0

      at Function.log [as calculateReportData] (models/reportsModel.js:589:15)

    console.log
        ≡ƒôè Step 7: Calculating referrals on agent's properties...

      at Function.log [as calculateReportData] (models/reportsModel.js:600:15)

    console.log
      ≡ƒÆ░ Commission Calculation Details: {
        sales_amount: 800000,
        agent_commission: 16000,
        finders_commission: 8000,
        team_leader_commission: 8000,
        administration_commission: 32000,
        referrals_on_properties_commission: 0,
        calculatedSum: 64000,
        total_commission: 64000,
        difference: 0
      }

      at Function.log [as calculateReportData] (models/reportsModel.js:737:15)

    console.log
      Γ£à Report calculation completed for agent 1

      at Function.log [as calculateReportData] (models/reportsModel.js:755:15)

    console.error
      Error recalculating report: TypeError: Cannot read properties of 
undefined (reading 'rows')
          at Function.rows [as recalculateReport] (C:\Users\GeorgioHayek\Deskto
p\Applications\finders-system\finders-crm\backend\models\reportsModel.js:986:21
)
          at Object.<anonymous> (C:\Users\GeorgioHayek\Desktop\Applications\fin
ders-system\finders-crm\backend\__tests__\models\reportsModel.test.js:450:22)

    [0m [90m 986 |[39m       [36mreturn[39m 
result[33m.[39mrows[[35m0[39m][33m;[39m
     [90m 987 |[39m     } [36mcatch[39m (error) {
    [31m[1m>[22m[39m[90m 988 |[39m       
console[33m.[39merror([32m'Error recalculating report:'[39m[33m,[39m 
error)[33m;[39m
     [90m     |[39m               [31m[1m^[22m[39m
     [90m 989 |[39m       [36mthrow[39m error[33m;[39m
     [90m 990 |[39m     }
     [90m 991 |[39m   }[0m

      at Function.error [as recalculateReport] (models/reportsModel.js:988:15)
      at Object.<anonymous> (__tests__/models/reportsModel.test.js:450:22)

    console.error
      Error recalculating report: Error: Report not found
          at Function.recalculateReport (C:\Users\GeorgioHayek\Desktop\Applicat
ions\finders-system\finders-crm\backend\models\reportsModel.js:796:15)
          at Object.<anonymous> (C:\Users\GeorgioHayek\Desktop\Applications\fin
ders-system\finders-crm\backend\__tests__\models\reportsModel.test.js:460:7)

    [0m [90m 986 |[39m       [36mreturn[39m 
result[33m.[39mrows[[35m0[39m][33m;[39m
     [90m 987 |[39m     } [36mcatch[39m (error) {
    [31m[1m>[22m[39m[90m 988 |[39m       
console[33m.[39merror([32m'Error recalculating report:'[39m[33m,[39m 
error)[33m;[39m
     [90m     |[39m               [31m[1m^[22m[39m
     [90m 989 |[39m       [36mthrow[39m error[33m;[39m
     [90m 990 |[39m     }
     [90m 991 |[39m   }[0m

      at Function.error [as recalculateReport] (models/reportsModel.js:988:15)
      at Object.<anonymous> (__tests__/models/reportsModel.test.js:460:7)

    console.log
      ≡ƒô¥ Update query: 
              UPDATE monthly_agent_reports 
              SET boosts = $1, updated_at = NOW()
              WHERE id = $2
              RETURNING *

      at Function.log [as updateReport] (models/reportsModel.js:1172:15)

    console.log
      ≡ƒô¥ Update values: [ 150, 1 ]

      at Function.log [as updateReport] (models/reportsModel.js:1173:15)

    console.log
      Γ£à Report updated successfully

      at Function.log [as updateReport] (models/reportsModel.js:1181:15)

    console.log
      ≡ƒôè Updated fields: boosts

      at Function.log [as updateReport] (models/reportsModel.js:1182:15)

    console.log
      ≡ƒô¥ Update query: 
              UPDATE monthly_agent_reports 
              SET listings_count = $1, viewings_count = $2, boosts = $3, 
sales_count = $4, sales_amount = $5, agent_commission = $6, finders_commission 
= $7, team_leader_commission = $8, administration_commission = $9, 
total_commission = $10, referral_received_count = $11, 
referral_received_commission = $12, referrals_on_properties_count = $13, 
referrals_on_properties_commission = $14, updated_at = NOW()
              WHERE id = $15
              RETURNING *

      at Function.log [as updateReport] (models/reportsModel.js:1172:15)

    console.log
      ≡ƒô¥ Update values: [
           20,      15,   200,
           10, 1000000, 20000,
        10000,   10000, 40000,
        85000,       5,  2500,
            3,    1500,     1
      ]

      at Function.log [as updateReport] (models/reportsModel.js:1173:15)

    console.log
      Γ£à Report updated successfully

      at Function.log [as updateReport] (models/reportsModel.js:1181:15)

    console.log
      ≡ƒôè Updated fields: listings_count, viewings_count, boosts, 
sales_count, sales_amount, agent_commission, finders_commission, 
referral_commission, team_leader_commission, administration_commission, 
total_commission, referral_received_count, referral_received_commission, 
referrals_on_properties_count, referrals_on_properties_commission

      at Function.log [as updateReport] (models/reportsModel.js:1182:15)

    console.log
      ≡ƒô¥ Update query: 
              UPDATE monthly_agent_reports 
              SET lead_sources = $1::jsonb, updated_at = NOW()
              WHERE id = $2
              RETURNING *

      at Function.log [as updateReport] (models/reportsModel.js:1172:15)

    console.log
      ≡ƒô¥ Update values: [ '{"Website":10,"Facebook":5,"Dubizzle":3}', 1 ]

      at Function.log [as updateReport] (models/reportsModel.js:1173:15)

    console.log
      Γ£à Report updated successfully

      at Function.log [as updateReport] (models/reportsModel.js:1181:15)

    console.log
      ≡ƒôè Updated fields: lead_sources

      at Function.log [as updateReport] (models/reportsModel.js:1182:15)

    console.log
      ≡ƒô¥ Update query: 
              UPDATE monthly_agent_reports 
              SET sales_amount = $1, agent_commission = $2, total_commission = 
$3, updated_at = NOW()
              WHERE id = $4
              RETURNING *

      at Function.log [as updateReport] (models/reportsModel.js:1172:15)

    console.log
      ≡ƒô¥ Update values: [ 1234567.89, 24691.36, 50000.5, 1 ]

      at Function.log [as updateReport] (models/reportsModel.js:1173:15)

    console.log
      Γ£à Report updated successfully

      at Function.log [as updateReport] (models/reportsModel.js:1181:15)

    console.log
      ≡ƒôè Updated fields: sales_amount, agent_commission, total_commission

      at Function.log [as updateReport] (models/reportsModel.js:1182:15)

    console.log
      ≡ƒô¥ Update query: 
              UPDATE monthly_agent_reports 
              SET boosts = $1, updated_at = NOW()
              WHERE id = $2
              RETURNING *

      at Function.log [as updateReport] (models/reportsModel.js:1172:15)

    console.log
      ≡ƒô¥ Update values: [ 150, 999 ]

      at Function.log [as updateReport] (models/reportsModel.js:1173:15)

    console.error
      Error updating report: Error: Report not found
          at Function.updateReport (C:\Users\GeorgioHayek\Desktop\Applications\
finders-system\finders-crm\backend\models\reportsModel.js:1178:15)
          at Object.<anonymous> (C:\Users\GeorgioHayek\Desktop\Applications\fin
ders-system\finders-crm\backend\__tests__\models\reportsModel.test.js:575:7)

    [0m [90m 1183 |[39m       [36mreturn[39m 
result[33m.[39mrows[[35m0[39m][33m;[39m
     [90m 1184 |[39m     } [36mcatch[39m (error) {
    [31m[1m>[22m[39m[90m 1185 |[39m       
console[33m.[39merror([32m'Error updating report:'[39m[33m,[39m 
error)[33m;[39m
     [90m      |[39m               [31m[1m^[22m[39m
     [90m 1186 |[39m       [36mthrow[39m error[33m;[39m
     [90m 1187 |[39m     }
     [90m 1188 |[39m   }[0m

      at Function.error [as updateReport] (models/reportsModel.js:1185:15)
      at Object.<anonymous> (__tests__/models/reportsModel.test.js:575:7)

    console.log
      ≡ƒô¥ Update query: 
              UPDATE monthly_agent_reports 
              SET boosts = $1, updated_at = NOW()
              WHERE id = $2
              RETURNING *

      at Function.log [as updateReport] (models/reportsModel.js:1172:15)

    console.log
      ≡ƒô¥ Update values: [ 150, 1 ]

      at Function.log [as updateReport] (models/reportsModel.js:1173:15)

    console.log
      Γ£à Report updated successfully

      at Function.log [as updateReport] (models/reportsModel.js:1181:15)

    console.log
      ≡ƒôè Updated fields: boosts, invalid_field, another_invalid

      at Function.log [as updateReport] (models/reportsModel.js:1182:15)

  ΓùÅ Report Model ΓÇ║ calculateReportData ΓÇ║ should use default commission 
values when settings are missing

    expect(received).toBe(expected) // Object.is equality

    Expected: 0
    Received: undefined

    [0m [90m  95 |[39m       [90m// Should use defaults: agent=2%, 
referral_internal=0.5%, referral_external=2%[39m
     [90m  96 |[39m       expect(result[33m.[39magent_commission)[33m.[39
mtoBe([35m0[39m)[33m;[39m [90m// 0 sales[39m
    [31m[1m>[22m[39m[90m  97 |[39m       expect(result[33m.[39mreferral
_commission)[33m.[39mtoBe([35m0[39m)[33m;[39m [90m// 0 sales[39m
     [90m     |[39m                                          
[31m[1m^[22m[39m
     [90m  98 |[39m     })[33m;[39m
     [90m  99 |[39m
     [90m 100 |[39m     it([32m'should handle invalid date 
range'[39m[33m,[39m [36masync[39m () [33m=>[39m {[0m

      at Object.toBe (__tests__/models/reportsModel.test.js:97:42)

  ΓùÅ Report Model ΓÇ║ recalculateReport ΓÇ║ should recalculate an existing 
report

    TypeError: Cannot read properties of undefined (reading 'rows')

    [0m [90m 984 |[39m       )[33m;[39m
     [90m 985 |[39m
    [31m[1m>[22m[39m[90m 986 |[39m       [36mreturn[39m 
result[33m.[39mrows[[35m0[39m][33m;[39m
     [90m     |[39m                     [31m[1m^[22m[39m
     [90m 987 |[39m     } [36mcatch[39m (error) {
     [90m 988 |[39m       console[33m.[39merror([32m'Error recalculating 
report:'[39m[33m,[39m error)[33m;[39m
     [90m 989 |[39m       [36mthrow[39m error[33m;[39m[0m

      at Function.rows [as recalculateReport] (models/reportsModel.js:986:21)
      at Object.<anonymous> (__tests__/models/reportsModel.test.js:450:22)

PASS __tests__/models/dcsrReportsModel.test.js
  ΓùÅ Console

    console.log
      [dotenv@17.2.1] injecting env (8) from .env -- tip: ≡ƒ¢á∩╕Å  run 
anywhere with `dotenvx run -- yourcommand`

      at _log (node_modules/dotenv/lib/main.js:139:11)


Test Suites: 1 failed, 1 passed, 2 total
Tests:       2 failed, 32 passed, 34 total
Snapshots:   0 total
Time:        0.755 s, estimated 1 s
Ran all test suites matching /reportsModel.test.js/i.
