
> backend@1.0.0 test
> jest reportsModel.test.js

node.exe : FAIL __tests__/models/reportsModel.test.js
At line:1 char:1
+ & "C:\Program Files\nodejs/node.exe" "C:\Program Files\nodejs/node_mo ...
+ ~~~~~~~~~~~~~~~~~~~~~~~~~~~~~~~~~~~~~~~~~~~~~~~~~~~~~~~~~~~~~~~~~~~~~
    + CategoryInfo          : NotSpecified: (FAIL __tests__/...tsModel.test.js 
   :String) [], RemoteException
    + FullyQualifiedErrorId : NativeCommandError
 
  ΓùÅ Console

    console.log
      [dotenv@17.2.1] injecting env (8) from .env -- tip: ≡ƒöÉ prevent 
committing .env to code: https://dotenvx.com/precommit

      at _log (node_modules/dotenv/lib/main.js:139:11)

    console.log
      ≡ƒôà Calculating report for agent 1, range 2024-01-01 to 2024-01-31

      at Function.log [as calculateReportData] (models/reportsModel.js:282:15)

    console.log
        ≡ƒôè Step 1: Counting listings...

      at Function.log [as calculateReportData] (models/reportsModel.js:285:15)

    console.log
      ≡ƒôè Agent 1: Total properties = 10, Date range: 2024-01-01 to 
2024-01-31, Count in selected range = 10

      at Function.log [as calculateReportData] (models/reportsModel.js:305:15)

    console.log
        ≡ƒôè Step 2: Counting leads by source...

      at Function.log [as calculateReportData] (models/reportsModel.js:308:15)

    console.log
        ≡ƒôè Step 3: Counting viewings...

      at Function.log [as calculateReportData] (models/reportsModel.js:327:15)

    console.log
        ≡ƒôè Step 4: Counting sales...

      at Function.log [as calculateReportData] (models/reportsModel.js:339:15)

    console.log
        ≡ƒôè Step 5: Calculating property referrals commission...

      at Function.log [as calculateReportData] (models/reportsModel.js:377:15)

    console.log
        Γ£ô Property referrals: 2 referral(s) on 1 property/properties, 
$200000, commission: $1000

      at Function.log [as calculateReportData] (models/reportsModel.js:457:15)

    console.log
        ≡ƒôï Referral details: []

      at Function.log [as calculateReportData] (models/reportsModel.js:485:15)

    console.log
        ≡ƒôè Step 6: Calculating lead referrals commission...

      at Function.log [as calculateReportData] (models/reportsModel.js:494:15)

    console.log
        Γ£ô Lead referrals: 1 referral(s) on 1 property/properties, $100000, 
commission: $500

      at Function.log [as calculateReportData] (models/reportsModel.js:545:15)

    console.log
        ≡ƒôè Step 7: Calculating referrals on agent's properties...

      at Function.log [as calculateReportData] (models/reportsModel.js:555:15)

    console.log
      ≡ƒÆ░ Commission Calculation Details: {
        sales_amount: 500000,
        agent_commission: 10000,
        finders_commission: 5000,
        referral_commission: 2500,
        team_leader_commission: 5000,
        administration_commission: 20000,
        referrals_on_properties_commission: 1500,
        calculatedSum: 44000,
        total_commission: 44000,
        difference: 0
      }

      at Function.log [as calculateReportData] (models/reportsModel.js:694:15)

    console.log
      Γ£à Report calculation completed for agent 1

      at Function.log [as calculateReportData] (models/reportsModel.js:713:15)

    console.log
      ≡ƒôà Calculating report for agent 1, range 2024-01-01 to 2024-01-31

      at Function.log [as calculateReportData] (models/reportsModel.js:282:15)

    console.log
        ≡ƒôè Step 1: Counting listings...

      at Function.log [as calculateReportData] (models/reportsModel.js:285:15)

    console.log
      ≡ƒôè Agent 1: Total properties = 0, Date range: null to null, Count in 
selected range = 0

      at Function.log [as calculateReportData] (models/reportsModel.js:305:15)

    console.log
        ≡ƒôè Step 2: Counting leads by source...

      at Function.log [as calculateReportData] (models/reportsModel.js:308:15)

    console.log
        ≡ƒôè Step 3: Counting viewings...

      at Function.log [as calculateReportData] (models/reportsModel.js:327:15)

    console.log
        ≡ƒôè Step 4: Counting sales...

      at Function.log [as calculateReportData] (models/reportsModel.js:339:15)

    console.log
        ≡ƒôè Step 5: Calculating property referrals commission...

      at Function.log [as calculateReportData] (models/reportsModel.js:377:15)

    console.log
        Γ£ô Property referrals: 0 referral(s) on 0 property/properties, $0, 
commission: $0

      at Function.log [as calculateReportData] (models/reportsModel.js:457:15)

    console.log
        ≡ƒôï Referral details: []

      at Function.log [as calculateReportData] (models/reportsModel.js:485:15)

    console.log
        ≡ƒôè Step 6: Calculating lead referrals commission...

      at Function.log [as calculateReportData] (models/reportsModel.js:494:15)

    console.log
        Γ£ô Lead referrals: 0 referral(s) on 0 property/properties, $0, 
commission: $0

      at Function.log [as calculateReportData] (models/reportsModel.js:545:15)

    console.log
        ≡ƒôè Step 7: Calculating referrals on agent's properties...

      at Function.log [as calculateReportData] (models/reportsModel.js:555:15)

    console.log
      ≡ƒÆ░ Commission Calculation Details: {
        sales_amount: 0,
        agent_commission: 0,
        finders_commission: 0,
        referral_commission: 0,
        team_leader_commission: 0,
        administration_commission: 0,
        referrals_on_properties_commission: 0,
        calculatedSum: 0,
        total_commission: 0,
        difference: 0
      }

      at Function.log [as calculateReportData] (models/reportsModel.js:694:15)

    console.log
      Γ£à Report calculation completed for agent 1

      at Function.log [as calculateReportData] (models/reportsModel.js:713:15)

    console.error
      Error calculating report data: Error: Invalid date range supplied for 
calculation
          at Function.calculateReportData (C:\Users\GeorgioHayek\Desktop\Applic
ations\finders-system\finders-crm\backend\models\reportsModel.js:262:15)
          at Object.<anonymous> (C:\Users\GeorgioHayek\Desktop\Applications\fin
ders-system\finders-crm\backend\__tests__\models\reportsModel.test.js:106:7)

    [0m [90m 731 |[39m       }[33m;[39m
     [90m 732 |[39m     } [36mcatch[39m (error) {
    [31m[1m>[22m[39m[90m 733 |[39m       
console[33m.[39merror([32m'Error calculating report data:'[39m[33m,[39m 
error)[33m;[39m
     [90m     |[39m               [31m[1m^[22m[39m
     [90m 734 |[39m       [36mthrow[39m error[33m;[39m
     [90m 735 |[39m     }
     [90m 736 |[39m   }[0m

      at Function.error [as calculateReportData] 
(models/reportsModel.js:733:15)
      at Object.<anonymous> (__tests__/models/reportsModel.test.js:106:7)

    console.log
      ≡ƒôà Calculating report for agent 1, range 2024-11-20 to 2024-11-24

      at Function.log [as calculateReportData] (models/reportsModel.js:282:15)

    console.log
        ≡ƒôè Step 1: Counting listings...

      at Function.log [as calculateReportData] (models/reportsModel.js:285:15)

    console.log
      ≡ƒôè Agent 1: Total properties = 1, Date range: 2024-11-20 to 
2024-11-24, Count in selected range = 1

      at Function.log [as calculateReportData] (models/reportsModel.js:305:15)

    console.log
        ≡ƒôè Step 2: Counting leads by source...

      at Function.log [as calculateReportData] (models/reportsModel.js:308:15)

    console.log
        ≡ƒôè Step 3: Counting viewings...

      at Function.log [as calculateReportData] (models/reportsModel.js:327:15)

    console.log
        ≡ƒôè Step 4: Counting sales...

      at Function.log [as calculateReportData] (models/reportsModel.js:339:15)

    console.log
        ≡ƒôè Step 5: Calculating property referrals commission...

      at Function.log [as calculateReportData] (models/reportsModel.js:377:15)

    console.log
        Γ£ô Property referrals: 2 referral(s) on 1 property/properties, 
$300000, commission: $7500

      at Function.log [as calculateReportData] (models/reportsModel.js:457:15)

    console.log
        ≡ƒôï Referral details: [
        {
          referral_id: 1,
          external: false,
          property_id: 100,
          price: 300000,
          commission: 1500
        },
        {
          referral_id: 2,
          external: true,
          property_id: 100,
          price: 300000,
          commission: 6000
        }
      ]

      at Function.log [as calculateReportData] (models/reportsModel.js:485:15)

    console.log
        ≡ƒôè Step 6: Calculating lead referrals commission...

      at Function.log [as calculateReportData] (models/reportsModel.js:494:15)

    console.log
        Γ£ô Lead referrals: 0 referral(s) on 0 property/properties, $0, 
commission: $0

      at Function.log [as calculateReportData] (models/reportsModel.js:545:15)

    console.log
        ≡ƒôè Step 7: Calculating referrals on agent's properties...

      at Function.log [as calculateReportData] (models/reportsModel.js:555:15)

    console.log
      ≡ƒÆ░ Commission Calculation Details: {
        sales_amount: 300000,
        agent_commission: 6000,
        finders_commission: 3000,
        referral_commission: 1500,
        team_leader_commission: 3000,
        administration_commission: 12000,
        referrals_on_properties_commission: 0,
        calculatedSum: 25500,
        total_commission: 25500,
        difference: 0
      }

      at Function.log [as calculateReportData] (models/reportsModel.js:694:15)

    console.log
      Γ£à Report calculation completed for agent 1

      at Function.log [as calculateReportData] (models/reportsModel.js:713:15)

    console.log
      ≡ƒôà Calculating report for agent 1, range 2024-01-01 to 2024-01-31

      at Function.log [as calculateReportData] (models/reportsModel.js:282:15)

    console.log
        ≡ƒôè Step 1: Counting listings...

      at Function.log [as calculateReportData] (models/reportsModel.js:285:15)

    console.log
      ≡ƒôè Agent 1: Total properties = 3, Date range: 2024-01-01 to 
2024-01-31, Count in selected range = 3

      at Function.log [as calculateReportData] (models/reportsModel.js:305:15)

    console.log
        ≡ƒôè Step 2: Counting leads by source...

      at Function.log [as calculateReportData] (models/reportsModel.js:308:15)

    console.log
        ≡ƒôè Step 3: Counting viewings...

      at Function.log [as calculateReportData] (models/reportsModel.js:327:15)

    console.log
        ≡ƒôè Step 4: Counting sales...

      at Function.log [as calculateReportData] (models/reportsModel.js:339:15)

    console.log
        ≡ƒôè Step 5: Calculating property referrals commission...

      at Function.log [as calculateReportData] (models/reportsModel.js:377:15)

    console.log
        Γ£ô Property referrals: 4 referral(s) on 3 property/properties, 
$900000, commission: $17000

      at Function.log [as calculateReportData] (models/reportsModel.js:457:15)

    console.log
        ≡ƒôï Referral details: []

      at Function.log [as calculateReportData] (models/reportsModel.js:485:15)

    console.log
        ≡ƒôè Step 6: Calculating lead referrals commission...

      at Function.log [as calculateReportData] (models/reportsModel.js:494:15)

    console.log
        Γ£ô Lead referrals: 0 referral(s) on 0 property/properties, $0, 
commission: $0

      at Function.log [as calculateReportData] (models/reportsModel.js:545:15)

    console.log
        ≡ƒôè Step 7: Calculating referrals on agent's properties...

      at Function.log [as calculateReportData] (models/reportsModel.js:555:15)

    console.log
      ≡ƒÆ░ Commission Calculation Details: {
        sales_amount: 900000,
        agent_commission: 18000,
        finders_commission: 9000,
        referral_commission: 4500,
        team_leader_commission: 9000,
        administration_commission: 36000,
        referrals_on_properties_commission: 0,
        calculatedSum: 76500,
        total_commission: 76500,
        difference: 0
      }

      at Function.log [as calculateReportData] (models/reportsModel.js:694:15)

    console.log
      Γ£à Report calculation completed for agent 1

      at Function.log [as calculateReportData] (models/reportsModel.js:713:15)

    console.log
      ≡ƒöä Applying external rule to referrals for agent 1 before 
recalculating...

      at Function.log [as recalculateReport] (models/reportsModel.js:836:15)

    console.log
      Γ£à External rule applied to 0 properties and 0 leads

      at Function.log [as recalculateReport] (models/reportsModel.js:890:17)

    console.log
      ≡ƒôà Calculating report for agent 1, range 2024-01-01 to 2024-01-31

      at Function.log [as calculateReportData] (models/reportsModel.js:282:15)

    console.log
        ≡ƒôè Step 1: Counting listings...

      at Function.log [as calculateReportData] (models/reportsModel.js:285:15)

    console.log
      ≡ƒôè Agent 1: Total properties = 15, Date range: 2024-01-01 to 
2024-01-31, Count in selected range = 15

      at Function.log [as calculateReportData] (models/reportsModel.js:305:15)

    console.log
        ≡ƒôè Step 2: Counting leads by source...

      at Function.log [as calculateReportData] (models/reportsModel.js:308:15)

    console.log
        ≡ƒôè Step 3: Counting viewings...

      at Function.log [as calculateReportData] (models/reportsModel.js:327:15)

    console.log
        ≡ƒôè Step 4: Counting sales...

      at Function.log [as calculateReportData] (models/reportsModel.js:339:15)

    console.log
        ≡ƒôè Step 5: Calculating property referrals commission...

      at Function.log [as calculateReportData] (models/reportsModel.js:377:15)

    console.log
        Γ£ô Property referrals: 0 referral(s) on 0 property/properties, $0, 
commission: $0

      at Function.log [as calculateReportData] (models/reportsModel.js:457:15)

    console.log
        ≡ƒôï Referral details: []

      at Function.log [as calculateReportData] (models/reportsModel.js:485:15)

    console.log
        ≡ƒôè Step 6: Calculating lead referrals commission...

      at Function.log [as calculateReportData] (models/reportsModel.js:494:15)

    console.log
        Γ£ô Lead referrals: 0 referral(s) on 0 property/properties, $0, 
commission: $0

      at Function.log [as calculateReportData] (models/reportsModel.js:545:15)

    console.log
        ≡ƒôè Step 7: Calculating referrals on agent's properties...

      at Function.log [as calculateReportData] (models/reportsModel.js:555:15)

    console.log
      ≡ƒÆ░ Commission Calculation Details: {
        sales_amount: 800000,
        agent_commission: 16000,
        finders_commission: 8000,
        referral_commission: 4000,
        team_leader_commission: 8000,
        administration_commission: 32000,
        referrals_on_properties_commission: 0,
        calculatedSum: 68000,
        total_commission: 68000,
        difference: 0
      }

      at Function.log [as calculateReportData] (models/reportsModel.js:694:15)

    console.log
      Γ£à Report calculation completed for agent 1

      at Function.log [as calculateReportData] (models/reportsModel.js:713:15)

    console.error
      Error recalculating report: Error: Report not found
          at Function.recalculateReport (C:\Users\GeorgioHayek\Desktop\Applicat
ions\finders-system\finders-crm\backend\models\reportsModel.js:755:15)
          at Object.<anonymous> (C:\Users\GeorgioHayek\Desktop\Applications\fin
ders-system\finders-crm\backend\__tests__\models\reportsModel.test.js:459:7)

    [0m [90m 947 |[39m       [36mreturn[39m 
result[33m.[39mrows[[35m0[39m][33m;[39m
     [90m 948 |[39m     } [36mcatch[39m (error) {
    [31m[1m>[22m[39m[90m 949 |[39m       
console[33m.[39merror([32m'Error recalculating report:'[39m[33m,[39m 
error)[33m;[39m
     [90m     |[39m               [31m[1m^[22m[39m
     [90m 950 |[39m       [36mthrow[39m error[33m;[39m
     [90m 951 |[39m     }
     [90m 952 |[39m   }[0m

      at Function.error [as recalculateReport] (models/reportsModel.js:949:15)
      at Object.<anonymous> (__tests__/models/reportsModel.test.js:459:7)

    console.log
      ≡ƒô¥ Update query: 
              UPDATE monthly_agent_reports 
              SET boosts = $1, updated_at = NOW()
              WHERE id = $2
              RETURNING *

      at Function.log [as updateReport] (models/reportsModel.js:1135:15)

    console.log
      ≡ƒô¥ Update values: [ 150, 1 ]

      at Function.log [as updateReport] (models/reportsModel.js:1136:15)

    console.log
      Γ£à Report updated successfully

      at Function.log [as updateReport] (models/reportsModel.js:1144:15)

    console.log
      ≡ƒôè Updated fields: boosts

      at Function.log [as updateReport] (models/reportsModel.js:1145:15)

    console.log
      ≡ƒô¥ Update query: 
              UPDATE monthly_agent_reports 
              SET listings_count = $1, viewings_count = $2, boosts = $3, 
sales_count = $4, sales_amount = $5, agent_commission = $6, finders_commission 
= $7, referral_commission = $8, team_leader_commission = $9, 
administration_commission = $10, total_commission = $11, 
referral_received_count = $12, referral_received_commission = $13, 
referrals_on_properties_count = $14, referrals_on_properties_commission = $15, 
updated_at = NOW()
              WHERE id = $16
              RETURNING *

      at Function.log [as updateReport] (models/reportsModel.js:1135:15)

    console.log
      ≡ƒô¥ Update values: [
           20,      15,   200,
           10, 1000000, 20000,
        10000,    5000, 10000,
        40000,   85000,     5,
         2500,       3,  1500,
            1
      ]

      at Function.log [as updateReport] (models/reportsModel.js:1136:15)

    console.log
      Γ£à Report updated successfully

      at Function.log [as updateReport] (models/reportsModel.js:1144:15)

    console.log
      ≡ƒôè Updated fields: listings_count, viewings_count, boosts, 
sales_count, sales_amount, agent_commission, finders_commission, 
referral_commission, team_leader_commission, administration_commission, 
total_commission, referral_received_count, referral_received_commission, 
referrals_on_properties_count, referrals_on_properties_commission

      at Function.log [as updateReport] (models/reportsModel.js:1145:15)

    console.log
      ≡ƒô¥ Update query: 
              UPDATE monthly_agent_reports 
              SET lead_sources = $1::jsonb, updated_at = NOW()
              WHERE id = $2
              RETURNING *

      at Function.log [as updateReport] (models/reportsModel.js:1135:15)

    console.log
      ≡ƒô¥ Update values: [ '{"Website":10,"Facebook":5,"Dubizzle":3}', 1 ]

      at Function.log [as updateReport] (models/reportsModel.js:1136:15)

    console.log
      Γ£à Report updated successfully

      at Function.log [as updateReport] (models/reportsModel.js:1144:15)

    console.log
      ≡ƒôè Updated fields: lead_sources

      at Function.log [as updateReport] (models/reportsModel.js:1145:15)

    console.log
      ≡ƒô¥ Update query: 
              UPDATE monthly_agent_reports 
              SET sales_amount = $1, agent_commission = $2, total_commission = 
$3, updated_at = NOW()
              WHERE id = $4
              RETURNING *

      at Function.log [as updateReport] (models/reportsModel.js:1135:15)

    console.log
      ≡ƒô¥ Update values: [ 1234567.89, 24691.36, 50000.5, 1 ]

      at Function.log [as updateReport] (models/reportsModel.js:1136:15)

    console.log
      Γ£à Report updated successfully

      at Function.log [as updateReport] (models/reportsModel.js:1144:15)

    console.log
      ≡ƒôè Updated fields: sales_amount, agent_commission, total_commission

      at Function.log [as updateReport] (models/reportsModel.js:1145:15)

    console.log
      ≡ƒô¥ Update query: 
              UPDATE monthly_agent_reports 
              SET boosts = $1, updated_at = NOW()
              WHERE id = $2
              RETURNING *

      at Function.log [as updateReport] (models/reportsModel.js:1135:15)

    console.log
      ≡ƒô¥ Update values: [ 150, 999 ]

      at Function.log [as updateReport] (models/reportsModel.js:1136:15)

    console.error
      Error updating report: Error: Report not found
          at Function.updateReport (C:\Users\GeorgioHayek\Desktop\Applications\
finders-system\finders-crm\backend\models\reportsModel.js:1141:15)
          at Object.<anonymous> (C:\Users\GeorgioHayek\Desktop\Applications\fin
ders-system\finders-crm\backend\__tests__\models\reportsModel.test.js:574:7)

    [0m [90m 1146 |[39m       [36mreturn[39m 
result[33m.[39mrows[[35m0[39m][33m;[39m
     [90m 1147 |[39m     } [36mcatch[39m (error) {
    [31m[1m>[22m[39m[90m 1148 |[39m       
console[33m.[39merror([32m'Error updating report:'[39m[33m,[39m 
error)[33m;[39m
     [90m      |[39m               [31m[1m^[22m[39m
     [90m 1149 |[39m       [36mthrow[39m error[33m;[39m
     [90m 1150 |[39m     }
     [90m 1151 |[39m   }[0m

      at Function.error [as updateReport] (models/reportsModel.js:1148:15)
      at Object.<anonymous> (__tests__/models/reportsModel.test.js:574:7)

    console.log
      ≡ƒô¥ Update query: 
              UPDATE monthly_agent_reports 
              SET boosts = $1, updated_at = NOW()
              WHERE id = $2
              RETURNING *

      at Function.log [as updateReport] (models/reportsModel.js:1135:15)

    console.log
      ≡ƒô¥ Update values: [ 150, 1 ]

      at Function.log [as updateReport] (models/reportsModel.js:1136:15)

    console.log
      Γ£à Report updated successfully

      at Function.log [as updateReport] (models/reportsModel.js:1144:15)

    console.log
      ≡ƒôè Updated fields: boosts, invalid_field, another_invalid

      at Function.log [as updateReport] (models/reportsModel.js:1145:15)

  ΓùÅ Report Model ΓÇ║ calculateReportData ΓÇ║ should calculate internal and 
external referral commissions correctly

    ReferenceError: mockReferralDetails is not defined

    [0m [90m 144 |[39m         [33m.[39mmockResolvedValueOnce(mockSales)
     [90m 145 |[39m         
[33m.[39mmockResolvedValueOnce(mockPropertyReferrals)
    [31m[1m>[22m[39m[90m 146 |[39m         
[33m.[39mmockResolvedValueOnce(mockReferralDetails) [90m// Debug query for 
referral details[39m
     [90m     |[39m                                [31m[1m^[22m[39m
     [90m 147 |[39m         
[33m.[39mmockResolvedValueOnce(mockLeadReferrals)
     [90m 148 |[39m         
[33m.[39mmockResolvedValueOnce(mockReferralsCount)
     [90m 149 |[39m         
[33m.[39mmockResolvedValueOnce(mockReferralsAmount)[33m;[39m[0m

      at Object.mockReferralDetails 
(__tests__/models/reportsModel.test.js:146:32)

PASS __tests__/models/dcsrReportsModel.test.js
  ΓùÅ Console

    console.log
      [dotenv@17.2.1] injecting env (8) from .env -- tip: ΓÜÖ∩╕Å  enable debug 
logging with { debug: true }

      at _log (node_modules/dotenv/lib/main.js:139:11)


Test Suites: 1 failed, 1 passed, 2 total
Tests:       1 failed, 33 passed, 34 total
Snapshots:   0 total
Time:        0.491 s, estimated 1 s
Ran all test suites matching /reportsModel.test.js/i.
